[START] Step 05: Extract Slopes and Compute Ratio
[LOAD] Loading piecewise model from Step 3...
[LOADED] Piecewise model from /home/etai/projects/REMEMVR/results/ch5/rq8/data/step03_piecewise_model.pkl
[INFO] Model converged: False
[INFO] AIC: 878.74
[ANALYSIS] Extracting segment slopes and computing ratio...
[ERROR] "Required coefficient 'Days_within:SegmentLate' not found in LMM result. Available coefficients: ['Intercept', 'Segment[T.Late]', 'Days_within', 'Days_within:Segment[T.Late]', 'Group Var', 'Group x Days_within Cov', 'Days_within Var']"
[TRACEBACK] Full error details:
Traceback (most recent call last):
  File "/home/etai/projects/REMEMVR/.venv/lib/python3.12/site-packages/pandas/core/indexes/base.py", line 3812, in get_loc
    return self._engine.get_loc(casted_key)
           ^^^^^^^^^^^^^^^^^^^^^^^^^^^^^^^^
  File "pandas/_libs/index.pyx", line 167, in pandas._libs.index.IndexEngine.get_loc
  File "pandas/_libs/index.pyx", line 196, in pandas._libs.index.IndexEngine.get_loc
  File "pandas/_libs/hashtable_class_helper.pxi", line 7088, in pandas._libs.hashtable.PyObjectHashTable.get_item
  File "pandas/_libs/hashtable_class_helper.pxi", line 7096, in pandas._libs.hashtable.PyObjectHashTable.get_item
KeyError: 'Days_within:SegmentLate'

The above exception was the direct cause of the following exception:

Traceback (most recent call last):
  File "/home/etai/projects/REMEMVR/tools/analysis_lmm.py", line 1833, in extract_segment_slopes_from_lmm
    beta_interaction = lmm_result.params[interaction_coef]
                       ~~~~~~~~~~~~~~~~~^^^^^^^^^^^^^^^^^^
  File "/home/etai/projects/REMEMVR/.venv/lib/python3.12/site-packages/pandas/core/series.py", line 1133, in __getitem__
    return self._get_value(key)
           ^^^^^^^^^^^^^^^^^^^^
  File "/home/etai/projects/REMEMVR/.venv/lib/python3.12/site-packages/pandas/core/series.py", line 1249, in _get_value
    loc = self.index.get_loc(label)
          ^^^^^^^^^^^^^^^^^^^^^^^^^
  File "/home/etai/projects/REMEMVR/.venv/lib/python3.12/site-packages/pandas/core/indexes/base.py", line 3819, in get_loc
    raise KeyError(key) from err
KeyError: 'Days_within:SegmentLate'

During handling of the above exception, another exception occurred:

Traceback (most recent call last):
  File "/home/etai/projects/REMEMVR/results/ch5/rq8/code/step05_extract_slopes.py", line 186, in <module>
    slope_comparison = extract_segment_slopes_from_lmm(
                       ^^^^^^^^^^^^^^^^^^^^^^^^^^^^^^^^
  File "/home/etai/projects/REMEMVR/tools/analysis_lmm.py", line 1835, in extract_segment_slopes_from_lmm
    raise KeyError(
KeyError: "Required coefficient 'Days_within:SegmentLate' not found in LMM result. Available coefficients: ['Intercept', 'Segment[T.Late]', 'Days_within', 'Days_within:Segment[T.Late]', 'Group Var', 'Group x Days_within Cov', 'Days_within Var']"
